This is pdfTeX, Version 3.141592653-2.6-1.40.29 (MiKTeX 26.5) (preloaded format=pdflatex 2026.8.3)  21 AUG 2026 17:20
entering extended mode
 restricted \write18 enabled.
 %&-line parsing enabled.
**"C:/Users/vkmuk/OneDrive/Documents/Project/SIH 2026/PS/outputs/sih_2026_probl
em_statements.tex"

(C:/Users/vkmuk/OneDrive/Documents/Project/SIH 2026/PS/outputs/sih_2026_problem
_statements.tex
LaTeX2e <2026-06-01>
L3 programming layer <2026-06-18>
(C:\Users\vkmuk\AppData\Local\Programs\MiKTeX\tex/latex/base\article.cls
Document Class: article 2025/01/22 v1.4n Standard LaTeX document class
(C:\Users\vkmuk\AppData\Local\Programs\MiKTeX\tex/latex/base\size10.clo
File: size10.clo 2025/01/22 v1.4n Standard LaTeX file (size option)
)
\c@part=\count276
\c@section=\count277
\c@subsection=\count278
\c@subsubsection=\count279
\c@paragraph=\count280
\c@subparagraph=\count281
\c@figure=\count282
\c@table=\count283
\abovecaptionskip=\skip49
\belowcaptionskip=\skip50
\bibindent=\dimen150
)
(C:\Users\vkmuk\AppData\Local\Programs\MiKTeX\tex/latex/base\inputenc.sty
Package: inputenc 2024/02/08 v1.3d Input encoding file
\inpenc@prehook=\toks17
\inpenc@posthook=\toks18
)
(C:\Users\vkmuk\AppData\Local\Programs\MiKTeX\tex/latex/base\fontenc.sty
Package: fontenc 2025/07/18 v2.1d Standard LaTeX package
)
(C:\Users\vkmuk\AppData\Local\Programs\MiKTeX\tex/latex/lm\lmodern.sty
Package: lmodern 2015/05/01 v1.6.1 Latin Modern Fonts
LaTeX Font Info:    Overwriting symbol font `operators' in version `normal'
(Font)                  OT1/cmr/m/n --> OT1/lmr/m/n on input line 22.
LaTeX Font Info:    Overwriting symbol font `letters' in version `normal'
(Font)                  OML/cmm/m/it --> OML/lmm/m/it on input line 23.
LaTeX Font Info:    Overwriting symbol font `symbols' in version `normal'
(Font)                  OMS/cmsy/m/n --> OMS/lmsy/m/n on input line 24.
LaTeX Font Info:    Overwriting symbol font `largesymbols' in version `normal'
(Font)                  OMX/cmex/m/n --> OMX/lmex/m/n on input line 25.
LaTeX Font Info:    Overwriting symbol font `operators' in version `bold'
(Font)                  OT1/cmr/bx/n --> OT1/lmr/bx/n on input line 26.
LaTeX Font Info:    Overwriting symbol font `letters' in version `bold'
(Font)                  OML/cmm/b/it --> OML/lmm/b/it on input line 27.
LaTeX Font Info:    Overwriting symbol font `symbols' in version `bold'
(Font)                  OMS/cmsy/b/n --> OMS/lmsy/b/n on input line 28.
LaTeX Font Info:    Overwriting symbol font `largesymbols' in version `bold'
(Font)                  OMX/cmex/m/n --> OMX/lmex/m/n on input line 29.
LaTeX Font Info:    Overwriting math alphabet `\mathbf' in version `normal'
(Font)                  OT1/cmr/bx/n --> OT1/lmr/bx/n on input line 31.
LaTeX Font Info:    Overwriting math alphabet `\mathsf' in version `normal'
(Font)                  OT1/cmss/m/n --> OT1/lmss/m/n on input line 32.
LaTeX Font Info:    Overwriting math alphabet `\mathit' in version `normal'
(Font)                  OT1/cmr/m/it --> OT1/lmr/m/it on input line 33.
LaTeX Font Info:    Overwriting math alphabet `\mathtt' in version `normal'
(Font)                  OT1/cmtt/m/n --> OT1/lmtt/m/n on input line 34.
LaTeX Font Info:    Overwriting math alphabet `\mathbf' in version `bold'
(Font)                  OT1/cmr/bx/n --> OT1/lmr/bx/n on input line 35.
LaTeX Font Info:    Overwriting math alphabet `\mathsf' in version `bold'
(Font)                  OT1/cmss/bx/n --> OT1/lmss/bx/n on input line 36.
LaTeX Font Info:    Overwriting math alphabet `\mathit' in version `bold'
(Font)                  OT1/cmr/bx/it --> OT1/lmr/bx/it on input line 37.
LaTeX Font Info:    Overwriting math alphabet `\mathtt' in version `bold'
(Font)                  OT1/cmtt/m/n --> OT1/lmtt/m/n on input line 38.
)
(C:\Users\vkmuk\AppData\Local\Programs\MiKTeX\tex/latex/geometry\geometry.sty
Package: geometry 2026/03/07 v6.0 Page Geometry

(C:\Users\vkmuk\AppData\Local\Programs\MiKTeX\tex/latex/graphics\keyval.sty
Package: keyval 2026-05-17 v1.15 key=value parser (DPC)
\KV@toks@=\toks19
)
(C:\Users\vkmuk\AppData\Local\Programs\MiKTeX\tex/generic/iftex\ifvtex.sty
Package: ifvtex 2019/10/25 v1.7 ifvtex legacy package. Use iftex instead.

(C:\Users\vkmuk\AppData\Local\Programs\MiKTeX\tex/generic/iftex\iftex.sty
Package: iftex 2024/12/12 v1.0g TeX engine tests
))
\Gm@cnth=\count284
\Gm@cntv=\count285
\c@Gm@tempcnt=\count286
\Gm@bindingoffset=\dimen151
\Gm@wd@mp=\dimen152
\Gm@odd@mp=\dimen153
\Gm@even@mp=\dimen154
\Gm@layoutwidth=\dimen155
\Gm@layoutheight=\dimen156
\Gm@layouthoffset=\dimen157
\Gm@layoutvoffset=\dimen158
\Gm@dimlist=\toks20

(C:\Users\vkmuk\AppData\Local\Programs\MiKTeX\tex/latex/geometry\geometry.cfg))
(C:\Users\vkmuk\AppData\Local\Programs\MiKTeX\tex/latex/xcolor\xcolor.sty
Package: xcolor 2024/09/29 v3.02 LaTeX color extensions (UK)

(C:\Users\vkmuk\AppData\Local\Programs\MiKTeX\tex/latex/graphics-cfg\color.cfg
File: color.cfg 2016/01/02 v1.6 sample color configuration
)
Package xcolor Info: Driver file: pdftex.def on input line 274.

(C:\Users\vkmuk\AppData\Local\Programs\MiKTeX\tex/latex/graphics-def\pdftex.def
File: pdftex.def 2025/09/29 v1.2d Graphics/color driver for pdftex
)
(C:\Users\vkmuk\AppData\Local\Programs\MiKTeX\tex/latex/graphics\mathcolor.ltx)
Package xcolor Info: Model `cmy' substituted by `cmy0' on input line 1349.
Package xcolor Info: Model `hsb' substituted by `rgb' on input line 1353.
Package xcolor Info: Model `RGB' extended on input line 1365.
Package xcolor Info: Model `HTML' substituted by `rgb' on input line 1367.
Package xcolor Info: Model `Hsb' substituted by `hsb' on input line 1368.
Package xcolor Info: Model `tHsb' substituted by `hsb' on input line 1369.
Package xcolor Info: Model `HSB' substituted by `hsb' on input line 1370.
Package xcolor Info: Model `Gray' substituted by `gray' on input line 1371.
Package xcolor Info: Model `wave' substituted by `hsb' on input line 1372.
) (C:\Users\vkmuk\AppData\Local\Programs\MiKTeX\tex/latex/titlesec\titlesec.sty
Package: titlesec 2025/01/04 v2.17 Sectioning titles
\ttl@box=\box53
\beforetitleunit=\skip51
\aftertitleunit=\skip52
\ttl@plus=\dimen159
\ttl@minus=\dimen160
\ttl@toksa=\toks21
\titlewidth=\dimen161
\titlewidthlast=\dimen162
\titlewidthfirst=\dimen163
) (C:\Users\vkmuk\AppData\Local\Programs\MiKTeX\tex/latex/fancyhdr\fancyhdr.sty
Package: fancyhdr 2025/02/07 v5.2 Extensive control of page headers and footers

\f@nch@headwidth=\skip53
\f@nch@offset@elh=\skip54
\f@nch@offset@erh=\skip55
\f@nch@offset@olh=\skip56
\f@nch@offset@orh=\skip57
\f@nch@offset@elf=\skip58
\f@nch@offset@erf=\skip59
\f@nch@offset@olf=\skip60
\f@nch@offset@orf=\skip61
\f@nch@height=\skip62
\f@nch@footalignment=\skip63
\f@nch@widthL=\skip64
\f@nch@widthC=\skip65
\f@nch@widthR=\skip66
\@temptokenb=\toks22
) (C:\Users\vkmuk\AppData\Local\Programs\MiKTeX\tex/latex/hyperref\hyperref.sty
Package: hyperref 2026-06-17 v7.01r Hypertext links for LaTeX

(C:\Users\vkmuk\AppData\Local\Programs\MiKTeX\tex/latex/kvsetkeys\kvsetkeys.sty
Package: kvsetkeys 2022-10-05 v1.19 Key value parser (HO)
)
(C:\Users\vkmuk\AppData\Local\Programs\MiKTeX\tex/generic/kvdefinekeys\kvdefine
keys.sty
Package: kvdefinekeys 2019-12-19 v1.6 Define keys (HO)
)
(C:\Users\vkmuk\AppData\Local\Programs\MiKTeX\tex/generic/pdfescape\pdfescape.s
ty
Package: pdfescape 2019/12/09 v1.15 Implements pdfTeX's escape features (HO)

(C:\Users\vkmuk\AppData\Local\Programs\MiKTeX\tex/generic/ltxcmds\ltxcmds.sty
Package: ltxcmds 2023-12-04 v1.26 LaTeX kernel commands for general use (HO)
)
(C:\Users\vkmuk\AppData\Local\Programs\MiKTeX\tex/generic/pdftexcmds\pdftexcmds
.sty
Package: pdftexcmds 2020-06-27 v0.33 Utility functions of pdfTeX for LuaTeX (HO
)

(C:\Users\vkmuk\AppData\Local\Programs\MiKTeX\tex/generic/infwarerr\infwarerr.s
ty
Package: infwarerr 2019/12/03 v1.5 Providing info/warning/error messages (HO)
)
Package pdftexcmds Info: \pdf@primitive is available.
Package pdftexcmds Info: \pdf@ifprimitive is available.
Package pdftexcmds Info: \pdfdraftmode found.
))
(C:\Users\vkmuk\AppData\Local\Programs\MiKTeX\tex/latex/hycolor\hycolor.sty
Package: hycolor 2020-01-27 v1.10 Color options for hyperref/bookmark (HO)
)
(C:\Users\vkmuk\AppData\Local\Programs\MiKTeX\tex/latex/hyperref\nameref.sty
Package: nameref 2026-01-29 v2.58 Cross-referencing by name of section

(C:\Users\vkmuk\AppData\Local\Programs\MiKTeX\tex/latex/refcount\refcount.sty
Package: refcount 2019/12/15 v3.6 Data extraction from label references (HO)
)
(C:\Users\vkmuk\AppData\Local\Programs\MiKTeX\tex/generic/gettitlestring\gettit
lestring.sty
Package: gettitlestring 2019/12/15 v1.6 Cleanup title references (HO)

(C:\Users\vkmuk\AppData\Local\Programs\MiKTeX\tex/latex/kvoptions\kvoptions.sty
Package: kvoptions 2022-06-15 v3.15 Key value format for package options (HO)
))
\c@section@level=\count287
)
(C:\Users\vkmuk\AppData\Local\Programs\MiKTeX\tex/latex/etoolbox\etoolbox.sty
Package: etoolbox 2025/10/02 v2.5m e-TeX tools for LaTeX (JAW)
\etb@tempcnta=\count288
)
(C:\Users\vkmuk\AppData\Local\Programs\MiKTeX\tex/generic/stringenc\stringenc.s
ty
Package: stringenc 2019/11/29 v1.12 Convert strings between diff. encodings (HO
)
)
\@linkdim=\dimen164
\Hy@linkcounter=\count289
\Hy@pagecounter=\count290
 (C:\Users\vkmuk\AppData\Local\Programs\MiKTeX\tex/latex/hyperref\pd1enc.def
File: pd1enc.def 2026-06-17 v7.01r Hyperref: PDFDocEncoding definition (HO)
Now handling font encoding PD1 ...
... no UTF-8 mapping file for font encoding PD1
) (C:\Users\vkmuk\AppData\Local\Programs\MiKTeX\tex/generic/intcalc\intcalc.sty
Package: intcalc 2019/12/15 v1.3 Expandable calculations with integers (HO)
)
\Hy@SavedSpaceFactor=\count291
 (C:\Users\vkmuk\AppData\Local\Programs\MiKTeX\tex/latex/hyperref\puenc.def
File: puenc.def 2026-06-17 v7.01r Hyperref: PDF Unicode definition (HO)
Now handling font encoding PU ...
... no UTF-8 mapping file for font encoding PU
)
Package hyperref Info: Hyper figures OFF on input line 4199.
Package hyperref Info: Link nesting OFF on input line 4204.
Package hyperref Info: Hyper index ON on input line 4207.
Package hyperref Info: Plain pages OFF on input line 4214.
Package hyperref Info: Backreferencing OFF on input line 4219.
Package hyperref Info: Implicit mode ON; LaTeX internals redefined.
Package hyperref Info: Bookmarks ON on input line 4466.
\c@Hy@tempcnt=\count292

(C:\Users\vkmuk\AppData\Local\Programs\MiKTeX\tex/latex/url\url.sty
\Urlmuskip=\muskip17
Package: url 2013/09/16  ver 3.4  Verb mode for urls, etc.
)
LaTeX Info: Redefining \url on input line 4805.
\XeTeXLinkMargin=\dimen165

(C:\Users\vkmuk\AppData\Local\Programs\MiKTeX\tex/generic/bitset\bitset.sty
Package: bitset 2019/12/09 v1.3 Handle bit-vector datatype (HO)

(C:\Users\vkmuk\AppData\Local\Programs\MiKTeX\tex/generic/bigintcalc\bigintcalc
.sty
Package: bigintcalc 2019/12/15 v1.5 Expandable calculations on big integers (HO
)
))
\Fld@menulength=\count293
\Field@Width=\dimen166
\Fld@charsize=\dimen167
Package hyperref Info: Hyper figures OFF on input line 6091.
Package hyperref Info: Link nesting OFF on input line 6096.
Package hyperref Info: Hyper index ON on input line 6099.
Package hyperref Info: backreferencing OFF on input line 6106.
Package hyperref Info: Link coloring OFF on input line 6111.
Package hyperref Info: Link coloring with OCG OFF on input line 6116.
Package hyperref Info: PDF/A mode OFF on input line 6121.
\Hy@abspage=\count294
\c@Item=\count295
\c@Hfootnote=\count296
)
Package hyperref Info: Driver (autodetected): hpdftex.

(C:\Users\vkmuk\AppData\Local\Programs\MiKTeX\tex/latex/hyperref\hpdftex.def
File: hpdftex.def 2026-06-17 v7.01r Hyperref driver for pdfTeX
\Fld@listcount=\count297
\c@bookmark@seq@number=\count298

(C:\Users\vkmuk\AppData\Local\Programs\MiKTeX\tex/latex/rerunfilecheck\rerunfil
echeck.sty
Package: rerunfilecheck 2025-06-21 v1.11 Rerun checks for auxiliary files (HO)

(C:\Users\vkmuk\AppData\Local\Programs\MiKTeX\tex/generic/uniquecounter\uniquec
ounter.sty
Package: uniquecounter 2019/12/15 v1.4 Provide unlimited unique counter (HO)
)
Package uniquecounter Info: New unique counter `rerunfilecheck' on input line 2
84.
)
\Hy@SectionHShift=\skip67
)
(C:\Users\vkmuk\AppData\Local\Programs\MiKTeX\tex/latex/booktabs\booktabs.sty
Package: booktabs 2020/01/12 v1.61803398 Publication quality tables
\heavyrulewidth=\dimen168
\lightrulewidth=\dimen169
\cmidrulewidth=\dimen170
\belowrulesep=\dimen171
\belowbottomsep=\dimen172
\aboverulesep=\dimen173
\abovetopsep=\dimen174
\cmidrulesep=\dimen175
\cmidrulekern=\dimen176
\defaultaddspace=\dimen177
\@cmidla=\count299
\@cmidlb=\count300
\@aboverulesep=\dimen178
\@belowrulesep=\dimen179
\@thisruleclass=\count301
\@lastruleclass=\count302
\@thisrulewidth=\dimen180
)
(C:\Users\vkmuk\AppData\Local\Programs\MiKTeX\tex/latex/tools\longtable.sty
Package: longtable 2026-01-28 v4.27 Multi-page Table package (DPC)
\LTleft=\skip68
\LTright=\skip69
\LTpre=\skip70
\LTpost=\skip71
\LTchunksize=\count303
\LTcapwidth=\dimen181
\LT@head=\box54
\LT@firsthead=\box55
\LT@foot=\box56
\LT@lastfoot=\box57
\LT@gbox=\box58
\LT@cols=\count304
\LT@rows=\count305
\c@LT@tables=\count306
\c@LT@chunks=\count307
\LT@p@ftn=\toks23
)
(C:\Users\vkmuk\AppData\Local\Programs\MiKTeX\tex/latex/tools\array.sty
Package: array 2026/02/24 v2.7b Tabular extension package (FMi)
\col@sep=\dimen182
\ar@mcellbox=\box59
\extrarowheight=\dimen183
\NC@list=\toks24
\extratabsurround=\skip72
\backup@length=\skip73
\ar@cellbox=\box60
)
(C:\Users\vkmuk\AppData\Local\Programs\MiKTeX\tex/latex/enumitem\enumitem.sty
Package: enumitem 2025/02/06 v3.11 Customized lists
\labelindent=\skip74
\enit@outerparindent=\dimen184
\enit@toks=\toks25
\enit@inbox=\box61
\enit@count@id=\count308
\enitdp@description=\count309
)
(C:\Users\vkmuk\AppData\Local\Programs\MiKTeX\tex/latex/needspace\needspace.sty
Package: needspace 2025/03/13 v1.3e reserve vertical space
)
(C:\Users\vkmuk\AppData\Local\Programs\MiKTeX\tex/latex/tcolorbox\tcolorbox.sty
Package: tcolorbox 2026/05/28 version 6.10.0 text color boxes

(C:\Users\vkmuk\AppData\Local\Programs\MiKTeX\tex/latex/pgf/frontendlayer\tikz.
sty
(C:\Users\vkmuk\AppData\Local\Programs\MiKTeX\tex/latex/pgf/basiclayer\pgf.sty
(C:\Users\vkmuk\AppData\Local\Programs\MiKTeX\tex/latex/pgf/utilities\pgfrcs.st
y
(C:\Users\vkmuk\AppData\Local\Programs\MiKTeX\tex/generic/pgf/utilities\pgfutil
-common.tex
\pgfutil@everybye=\toks26
\pgfutil@tempdima=\dimen185
\pgfutil@tempdimb=\dimen186
)
(C:\Users\vkmuk\AppData\Local\Programs\MiKTeX\tex/generic/pgf/utilities\pgfutil
-latex.def
\pgfutil@abb=\box62
)
(C:\Users\vkmuk\AppData\Local\Programs\MiKTeX\tex/generic/pgf/utilities\pgfrcs.
code.tex
(C:\Users\vkmuk\AppData\Local\Programs\MiKTeX\tex/generic/pgf\pgf.revision.tex)
Package: pgfrcs 2025-08-29 v3.1.11a (3.1.11a)
))
Package: pgf 2025-08-29 v3.1.11a (3.1.11a)

(C:\Users\vkmuk\AppData\Local\Programs\MiKTeX\tex/latex/pgf/basiclayer\pgfcore.
sty
(C:\Users\vkmuk\AppData\Local\Programs\MiKTeX\tex/latex/graphics\graphicx.sty
Package: graphicx 2026-05-17 v1.2e Enhanced LaTeX Graphics (DPC,SPQR)

(C:\Users\vkmuk\AppData\Local\Programs\MiKTeX\tex/latex/graphics\graphics.sty
Package: graphics 2026-05-17 v1.4h Standard LaTeX Graphics (DPC,SPQR)

(C:\Users\vkmuk\AppData\Local\Programs\MiKTeX\tex/latex/graphics\trig.sty
Package: trig 2023/12/02 v1.11 sin cos tan (DPC)
)
(C:\Users\vkmuk\AppData\Local\Programs\MiKTeX\tex/latex/graphics-cfg\graphics.c
fg
File: graphics.cfg 2016/06/04 v1.11 sample graphics configuration
)
Package graphics Info: Driver file: pdftex.def on input line 106.
)
\Gin@req@height=\dimen187
\Gin@req@width=\dimen188
)
(C:\Users\vkmuk\AppData\Local\Programs\MiKTeX\tex/latex/pgf/systemlayer\pgfsys.
sty
(C:\Users\vkmuk\AppData\Local\Programs\MiKTeX\tex/generic/pgf/systemlayer\pgfsy
s.code.tex
Package: pgfsys 2025-08-29 v3.1.11a (3.1.11a)

(C:\Users\vkmuk\AppData\Local\Programs\MiKTeX\tex/generic/pgf/utilities\pgfkeys
.code.tex
\pgfkeys@pathtoks=\toks27
\pgfkeys@temptoks=\toks28

(C:\Users\vkmuk\AppData\Local\Programs\MiKTeX\tex/generic/pgf/utilities\pgfkeys
libraryfiltered.code.tex
\pgfkeys@tmptoks=\toks29
))
\pgf@x=\dimen189
\pgf@y=\dimen190
\pgf@xa=\dimen191
\pgf@ya=\dimen192
\pgf@xb=\dimen193
\pgf@yb=\dimen194
\pgf@xc=\dimen195
\pgf@yc=\dimen196
\pgf@xd=\dimen197
\pgf@yd=\dimen198
\w@pgf@writea=\write3
\r@pgf@reada=\read2
\c@pgf@counta=\count310
\c@pgf@countb=\count311
\c@pgf@countc=\count312
\c@pgf@countd=\count313
\t@pgf@toka=\toks30
\t@pgf@tokb=\toks31
\t@pgf@tokc=\toks32
\pgf@sys@id@count=\count314

(C:\Users\vkmuk\AppData\Local\Programs\MiKTeX\tex/generic/pgf/systemlayer\pgf.c
fg
File: pgf.cfg 2025-08-29 v3.1.11a (3.1.11a)
)
Driver file for pgf: pgfsys-pdftex.def

(C:\Users\vkmuk\AppData\Local\Programs\MiKTeX\tex/generic/pgf/systemlayer\pgfsy
s-pdftex.def
File: pgfsys-pdftex.def 2025-08-29 v3.1.11a (3.1.11a)

(C:\Users\vkmuk\AppData\Local\Programs\MiKTeX\tex/generic/pgf/systemlayer\pgfsy
s-common-pdf.def
File: pgfsys-common-pdf.def 2025-08-29 v3.1.11a (3.1.11a)
)))
(C:\Users\vkmuk\AppData\Local\Programs\MiKTeX\tex/generic/pgf/systemlayer\pgfsy
ssoftpath.code.tex
File: pgfsyssoftpath.code.tex 2025-08-29 v3.1.11a (3.1.11a)
\pgfsyssoftpath@smallbuffer@items=\count315
\pgfsyssoftpath@bigbuffer@items=\count316
)
(C:\Users\vkmuk\AppData\Local\Programs\MiKTeX\tex/generic/pgf/systemlayer\pgfsy
sprotocol.code.tex
File: pgfsysprotocol.code.tex 2025-08-29 v3.1.11a (3.1.11a)
))
(C:\Users\vkmuk\AppData\Local\Programs\MiKTeX\tex/generic/pgf/basiclayer\pgfcor
e.code.tex
Package: pgfcore 2025-08-29 v3.1.11a (3.1.11a)

(C:\Users\vkmuk\AppData\Local\Programs\MiKTeX\tex/generic/pgf/math\pgfmath.code
.tex
(C:\Users\vkmuk\AppData\Local\Programs\MiKTeX\tex/generic/pgf/math\pgfmathutil.
code.tex)
(C:\Users\vkmuk\AppData\Local\Programs\MiKTeX\tex/generic/pgf/math\pgfmathparse
r.code.tex
\pgfmath@dimen=\dimen199
\pgfmath@count=\count317
\pgfmath@box=\box63
\pgfmath@toks=\toks33
\pgfmath@stack@operand=\toks34
\pgfmath@stack@operation=\toks35
)
(C:\Users\vkmuk\AppData\Local\Programs\MiKTeX\tex/generic/pgf/math\pgfmathfunct
ions.code.tex)
(C:\Users\vkmuk\AppData\Local\Programs\MiKTeX\tex/generic/pgf/math\pgfmathfunct
ions.basic.code.tex)
(C:\Users\vkmuk\AppData\Local\Programs\MiKTeX\tex/generic/pgf/math\pgfmathfunct
ions.trigonometric.code.tex)
(C:\Users\vkmuk\AppData\Local\Programs\MiKTeX\tex/generic/pgf/math\pgfmathfunct
ions.random.code.tex)
(C:\Users\vkmuk\AppData\Local\Programs\MiKTeX\tex/generic/pgf/math\pgfmathfunct
ions.comparison.code.tex)
(C:\Users\vkmuk\AppData\Local\Programs\MiKTeX\tex/generic/pgf/math\pgfmathfunct
ions.base.code.tex)
(C:\Users\vkmuk\AppData\Local\Programs\MiKTeX\tex/generic/pgf/math\pgfmathfunct
ions.round.code.tex)
(C:\Users\vkmuk\AppData\Local\Programs\MiKTeX\tex/generic/pgf/math\pgfmathfunct
ions.misc.code.tex)
(C:\Users\vkmuk\AppData\Local\Programs\MiKTeX\tex/generic/pgf/math\pgfmathfunct
ions.integerarithmetics.code.tex)
(C:\Users\vkmuk\AppData\Local\Programs\MiKTeX\tex/generic/pgf/math\pgfmathcalc.
code.tex)
(C:\Users\vkmuk\AppData\Local\Programs\MiKTeX\tex/generic/pgf/math\pgfmathfloat
.code.tex
\c@pgfmathroundto@lastzeros=\count318
))
(C:\Users\vkmuk\AppData\Local\Programs\MiKTeX\tex/generic/pgf/math\pgfint.code.
tex)
(C:\Users\vkmuk\AppData\Local\Programs\MiKTeX\tex/generic/pgf/basiclayer\pgfcor
epoints.code.tex
File: pgfcorepoints.code.tex 2025-08-29 v3.1.11a (3.1.11a)
\pgf@picminx=\dimen256
\pgf@picmaxx=\dimen257
\pgf@picminy=\dimen258
\pgf@picmaxy=\dimen259
\pgf@pathminx=\dimen260
\pgf@pathmaxx=\dimen261
\pgf@pathminy=\dimen262
\pgf@pathmaxy=\dimen263
\pgf@xx=\dimen264
\pgf@xy=\dimen265
\pgf@yx=\dimen266
\pgf@yy=\dimen267
\pgf@zx=\dimen268
\pgf@zy=\dimen269
)
(C:\Users\vkmuk\AppData\Local\Programs\MiKTeX\tex/generic/pgf/basiclayer\pgfcor
epathconstruct.code.tex
File: pgfcorepathconstruct.code.tex 2025-08-29 v3.1.11a (3.1.11a)
\pgf@path@lastx=\dimen270
\pgf@path@lasty=\dimen271
)
(C:\Users\vkmuk\AppData\Local\Programs\MiKTeX\tex/generic/pgf/basiclayer\pgfcor
epathusage.code.tex
File: pgfcorepathusage.code.tex 2025-08-29 v3.1.11a (3.1.11a)
\pgf@shorten@end@additional=\dimen272
\pgf@shorten@start@additional=\dimen273
)
(C:\Users\vkmuk\AppData\Local\Programs\MiKTeX\tex/generic/pgf/basiclayer\pgfcor
escopes.code.tex
File: pgfcorescopes.code.tex 2025-08-29 v3.1.11a (3.1.11a)
\pgfpic=\box64
\pgf@hbox=\box65
\pgf@layerbox@main=\box66
\pgf@picture@serial@count=\count319
)
(C:\Users\vkmuk\AppData\Local\Programs\MiKTeX\tex/generic/pgf/basiclayer\pgfcor
egraphicstate.code.tex
File: pgfcoregraphicstate.code.tex 2025-08-29 v3.1.11a (3.1.11a)
\pgflinewidth=\dimen274
)
(C:\Users\vkmuk\AppData\Local\Programs\MiKTeX\tex/generic/pgf/basiclayer\pgfcor
etransformations.code.tex
File: pgfcoretransformations.code.tex 2025-08-29 v3.1.11a (3.1.11a)
\pgf@pt@x=\dimen275
\pgf@pt@y=\dimen276
\pgf@pt@temp=\dimen277
)
(C:\Users\vkmuk\AppData\Local\Programs\MiKTeX\tex/generic/pgf/basiclayer\pgfcor
equick.code.tex
File: pgfcorequick.code.tex 2025-08-29 v3.1.11a (3.1.11a)
)
(C:\Users\vkmuk\AppData\Local\Programs\MiKTeX\tex/generic/pgf/basiclayer\pgfcor
eobjects.code.tex
File: pgfcoreobjects.code.tex 2025-08-29 v3.1.11a (3.1.11a)
)
(C:\Users\vkmuk\AppData\Local\Programs\MiKTeX\tex/generic/pgf/basiclayer\pgfcor
epathprocessing.code.tex
File: pgfcorepathprocessing.code.tex 2025-08-29 v3.1.11a (3.1.11a)
)
(C:\Users\vkmuk\AppData\Local\Programs\MiKTeX\tex/generic/pgf/basiclayer\pgfcor
earrows.code.tex
File: pgfcorearrows.code.tex 2025-08-29 v3.1.11a (3.1.11a)
\pgfarrowsep=\dimen278
)
(C:\Users\vkmuk\AppData\Local\Programs\MiKTeX\tex/generic/pgf/basiclayer\pgfcor
eshade.code.tex
File: pgfcoreshade.code.tex 2025-08-29 v3.1.11a (3.1.11a)
\pgf@max=\dimen279
\pgf@sys@shading@range@num=\count320
\pgf@shadingcount=\count321
)
(C:\Users\vkmuk\AppData\Local\Programs\MiKTeX\tex/generic/pgf/basiclayer\pgfcor
eimage.code.tex
File: pgfcoreimage.code.tex 2025-08-29 v3.1.11a (3.1.11a)
)
(C:\Users\vkmuk\AppData\Local\Programs\MiKTeX\tex/generic/pgf/basiclayer\pgfcor
eexternal.code.tex
File: pgfcoreexternal.code.tex 2025-08-29 v3.1.11a (3.1.11a)
\pgfexternal@startupbox=\box67
)
(C:\Users\vkmuk\AppData\Local\Programs\MiKTeX\tex/generic/pgf/basiclayer\pgfcor
elayers.code.tex
File: pgfcorelayers.code.tex 2025-08-29 v3.1.11a (3.1.11a)
)
(C:\Users\vkmuk\AppData\Local\Programs\MiKTeX\tex/generic/pgf/basiclayer\pgfcor
etransparency.code.tex
File: pgfcoretransparency.code.tex 2025-08-29 v3.1.11a (3.1.11a)
)
(C:\Users\vkmuk\AppData\Local\Programs\MiKTeX\tex/generic/pgf/basiclayer\pgfcor
epatterns.code.tex
File: pgfcorepatterns.code.tex 2025-08-29 v3.1.11a (3.1.11a)
)
(C:\Users\vkmuk\AppData\Local\Programs\MiKTeX\tex/generic/pgf/basiclayer\pgfcor
erdf.code.tex
File: pgfcorerdf.code.tex 2025-08-29 v3.1.11a (3.1.11a)
)))
(C:\Users\vkmuk\AppData\Local\Programs\MiKTeX\tex/generic/pgf/modules\pgfmodule
shapes.code.tex
File: pgfmoduleshapes.code.tex 2025-08-29 v3.1.11a (3.1.11a)
\pgfnodeparttextbox=\box68
)
(C:\Users\vkmuk\AppData\Local\Programs\MiKTeX\tex/generic/pgf/modules\pgfmodule
plot.code.tex
File: pgfmoduleplot.code.tex 2025-08-29 v3.1.11a (3.1.11a)
)
(C:\Users\vkmuk\AppData\Local\Programs\MiKTeX\tex/latex/pgf/compatibility\pgfco
mp-version-0-65.sty
Package: pgfcomp-version-0-65 2025-08-29 v3.1.11a (3.1.11a)
\pgf@nodesepstart=\dimen280
\pgf@nodesepend=\dimen281
)
(C:\Users\vkmuk\AppData\Local\Programs\MiKTeX\tex/latex/pgf/compatibility\pgfco
mp-version-1-18.sty
Package: pgfcomp-version-1-18 2025-08-29 v3.1.11a (3.1.11a)
))
(C:\Users\vkmuk\AppData\Local\Programs\MiKTeX\tex/latex/pgf/utilities\pgffor.st
y
(C:\Users\vkmuk\AppData\Local\Programs\MiKTeX\tex/latex/pgf/utilities\pgfkeys.s
ty
(C:\Users\vkmuk\AppData\Local\Programs\MiKTeX\tex/generic/pgf/utilities\pgfkeys
.code.tex))
(C:\Users\vkmuk\AppData\Local\Programs\MiKTeX\tex/latex/pgf/math\pgfmath.sty
(C:\Users\vkmuk\AppData\Local\Programs\MiKTeX\tex/generic/pgf/math\pgfmath.code
.tex))
(C:\Users\vkmuk\AppData\Local\Programs\MiKTeX\tex/generic/pgf/utilities\pgffor.
code.tex
Package: pgffor 2025-08-29 v3.1.11a (3.1.11a)
\pgffor@iter=\dimen282
\pgffor@skip=\dimen283
\pgffor@stack=\toks36
\pgffor@toks=\toks37
))
(C:\Users\vkmuk\AppData\Local\Programs\MiKTeX\tex/generic/pgf/frontendlayer/tik
z\tikz.code.tex
Package: tikz 2025-08-29 v3.1.11a (3.1.11a)

(C:\Users\vkmuk\AppData\Local\Programs\MiKTeX\tex/generic/pgf/libraries\pgflibr
aryplothandlers.code.tex
File: pgflibraryplothandlers.code.tex 2025-08-29 v3.1.11a (3.1.11a)
\pgf@plot@mark@count=\count322
\pgfplotmarksize=\dimen284
)
\tikz@lastx=\dimen285
\tikz@lasty=\dimen286
\tikz@lastxsaved=\dimen287
\tikz@lastysaved=\dimen288
\tikz@lastmovetox=\dimen289
\tikz@lastmovetoy=\dimen290
\tikzleveldistance=\dimen291
\tikzsiblingdistance=\dimen292
\tikz@figbox=\box69
\tikz@figbox@bg=\box70
\tikz@tempbox=\box71
\tikz@tempbox@bg=\box72
\tikztreelevel=\count323
\tikznumberofchildren=\count324
\tikznumberofcurrentchild=\count325
\tikz@fig@count=\count326

(C:\Users\vkmuk\AppData\Local\Programs\MiKTeX\tex/generic/pgf/modules\pgfmodule
matrix.code.tex
File: pgfmodulematrix.code.tex 2025-08-29 v3.1.11a (3.1.11a)
\pgfmatrixcurrentrow=\count327
\pgfmatrixcurrentcolumn=\count328
\pgf@matrix@numberofcolumns=\count329
)
\tikz@expandcount=\count330

(C:\Users\vkmuk\AppData\Local\Programs\MiKTeX\tex/generic/pgf/frontendlayer/tik
z/libraries\tikzlibrarytopaths.code.tex
File: tikzlibrarytopaths.code.tex 2025-08-29 v3.1.11a (3.1.11a)
)))
(C:\Users\vkmuk\AppData\Local\Programs\MiKTeX\tex/latex/tools\verbatim.sty
Package: verbatim 2024-01-22 v1.5x LaTeX2e package for verbatim enhancements
\every@verbatim=\toks38
\verbatim@line=\toks39
\verbatim@in@stream=\read3
)
(C:\Users\vkmuk\AppData\Local\Programs\MiKTeX\tex/latex/environ\environ.sty
Package: environ 2014/05/04 v0.3 A new way to define environments

(C:\Users\vkmuk\AppData\Local\Programs\MiKTeX\tex/latex/trimspaces\trimspaces.s
ty
Package: trimspaces 2009/09/17 v1.1 Trim spaces around a token list
)
\@envbody=\toks40
)
\tcb@titlebox=\box73
\tcb@upperbox=\box74
\tcb@lowerbox=\box75
\tcb@phantombox=\box76
\c@tcbbreakpart=\count331
\c@tcblayer=\count332
\c@tcolorbox@number=\count333
\l__tcobox_tmpa_box=\box77
\l__tcobox_tmpa_dim=\dimen293
\tcb@temp=\box78
\tcb@temp=\box79
\tcb@temp=\box80
\tcb@temp=\box81

(C:\Users\vkmuk\AppData\Local\Programs\MiKTeX\tex/latex/tcolorbox\tcbraster.cod
e.tex
Library (tcolorbox): 'tcbraster.code.tex' version '6.10.0'
\c@tcbrastercolumn=\count334
\c@tcbrasterrow=\count335
\c@tcbrasternum=\count336
\c@tcbraster=\count337
)
(C:\Users\vkmuk\AppData\Local\Programs\MiKTeX\tex/latex/tcolorbox\tcbskins.code
.tex
Library (tcolorbox): 'tcbskins.code.tex' version '6.10.0'

(C:\Users\vkmuk\AppData\Local\Programs\MiKTeX\tex/latex/tikzfill\tikzfill.image
.sty
Package: tikzfill.image 2026/04/23 v1.2.0 Image filling library for TikZ

(C:\Users\vkmuk\AppData\Local\Programs\MiKTeX\tex/latex/tikzfill\tikzlibraryfil
l.image.code.tex
File: tikzlibraryfill.image.code.tex 2026/04/23 v1.2.0 Image filling library
\l__tikzfill_tmpa_dim=\dimen294
\l__tikzfill_tmpb_dim=\dimen295
\l__tikzfill_img_box=\box82
))
(C:\Users\vkmuk\AppData\Local\Programs\MiKTeX\tex/latex/tcolorbox\tcbskinsjigsa
w.code.tex
Library (tcolorbox): 'tcbskinsjigsaw.code.tex' version '6.10.0'
))
(C:\Users\vkmuk\AppData\Local\Programs\MiKTeX\tex/latex/tcolorbox\tcbbreakable.
code.tex
Library (tcolorbox): 'tcbbreakable.code.tex' version '6.10.0'
(C:\Users\vkmuk\AppData\Local\Programs\MiKTeX\tex/latex/pdfcol\pdfcol.sty
Package: pdfcol 2022-09-21 v1.7 Handle new color stacks for pdfTeX (HO)
)
Package pdfcol Info: New color stack `tcb@breakable' = 1 on input line 23.
\tcb@testbox=\box83
\tcb@totalupperbox=\box84
\tcb@totallowerbox=\box85
)
(C:\Users\vkmuk\AppData\Local\Programs\MiKTeX\tex/latex/tcolorbox\tcbhooks.code
.tex
Library (tcolorbox): 'tcbhooks.code.tex' version '6.10.0'
)
(C:\Users\vkmuk\AppData\Local\Programs\MiKTeX\tex/latex/tcolorbox\tcbtheorems.c
ode.tex
Library (tcolorbox): 'tcbtheorems.code.tex' version '6.10.0'
(C:\Users\vkmuk\AppData\Local\Programs\MiKTeX\tex/latex/amsmath\amsmath.sty
Package: amsmath 2026/05/19 v2.18d AMS math features
\@mathmargin=\skip75

For additional information on amsmath, use the `?' option.
(C:\Users\vkmuk\AppData\Local\Programs\MiKTeX\tex/latex/amsmath\amstext.sty
Package: amstext 2024/11/17 v2.01 AMS text

(C:\Users\vkmuk\AppData\Local\Programs\MiKTeX\tex/latex/amsmath\amsgen.sty
File: amsgen.sty 1999/11/30 v2.0 generic functions
\@emptytoks=\toks41
\ex@=\dimen296
))
(C:\Users\vkmuk\AppData\Local\Programs\MiKTeX\tex/latex/amsmath\amsbsy.sty
Package: amsbsy 1999/11/29 v1.2d Bold Symbols
\pmbraise@=\dimen297
)
(C:\Users\vkmuk\AppData\Local\Programs\MiKTeX\tex/latex/amsmath\amsopn.sty
Package: amsopn 2022/04/08 v2.04 operator names
)
\inf@bad=\count338
LaTeX Info: Redefining \frac on input line 233.
\uproot@=\count339
\leftroot@=\count340
LaTeX Info: Redefining \overline on input line 398.
LaTeX Info: Redefining \colon on input line 409.
\classnum@=\count341
\DOTSCASE@=\count342
LaTeX Info: Redefining \ldots on input line 495.
LaTeX Info: Redefining \dots on input line 498.
LaTeX Info: Redefining \cdots on input line 619.
\Mathstrutbox@=\box86
\strutbox@=\box87
LaTeX Info: Redefining \big on input line 721.
LaTeX Info: Redefining \Big on input line 722.
LaTeX Info: Redefining \bigg on input line 723.
LaTeX Info: Redefining \Bigg on input line 724.
\big@size=\dimen298
LaTeX Font Info:    Redeclaring font encoding OML on input line 742.
LaTeX Font Info:    Redeclaring font encoding OMS on input line 743.
\macc@depth=\count343
LaTeX Info: Redefining \bmod on input line 904.
LaTeX Info: Redefining \pmod on input line 909.
LaTeX Info: Redefining \smash on input line 939.
LaTeX Info: Redefining \relbar on input line 969.
LaTeX Info: Redefining \Relbar on input line 970.
\c@MaxMatrixCols=\count344
\dotsspace@=\muskip18
\c@parentequation=\count345
\dspbrk@lvl=\count346
\tag@help=\toks42
\row@=\count347
\column@=\count348
\maxfields@=\count349
\andhelp@=\toks43
\eqnshift@=\dimen299
\alignsep@=\dimen300
\tagshift@=\dimen301
\tagwidth@=\dimen302
\totwidth@=\dimen303
\lineht@=\dimen304
\@envbody=\toks44
\multlinegap=\skip76
\multlinetaggap=\skip77
\mathdisplay@stack=\toks45
LaTeX Info: Redefining \[ on input line 2965.
LaTeX Info: Redefining \] on input line 2966.
))
(C:\Users\vkmuk\AppData\Local\Programs\MiKTeX\tex/latex/tcolorbox\tcbfitting.co
de.tex
Library (tcolorbox): 'tcbfitting.code.tex' version '6.10.0'
\tcbfitdim=\dimen305
\tcb@lowerfitdim=\dimen306
\tcb@upperfitdim=\dimen307
\tcb@cur@hbadness=\count350
)
(C:\Users\vkmuk\AppData\Local\Programs\MiKTeX\tex/latex/tcolorbox\tcblistingsut
f8.code.tex
Library (tcolorbox): 'tcblistingsutf8.code.tex' version '6.10.0'

(C:\Users\vkmuk\AppData\Local\Programs\MiKTeX\tex/latex/tcolorbox\tcblistings.c
ode.tex
Library (tcolorbox): 'tcblistings.code.tex' version '6.10.0'
(C:\Users\vkmuk\AppData\Local\Programs\MiKTeX\tex/latex/listings\listings.sty
\lst@mode=\count351
\lst@gtempboxa=\box88
\lst@token=\toks46
\lst@length=\count352
\lst@currlwidth=\dimen308
\lst@column=\count353
\lst@pos=\count354
\lst@lostspace=\dimen309
\lst@width=\dimen310
\lst@newlines=\count355
\lst@lineno=\count356
\lst@maxwidth=\dimen311

(C:\Users\vkmuk\AppData\Local\Programs\MiKTeX\tex/latex/listings\lstpatch.sty
File: lstpatch.sty 2025/11/14 1.11b (Carsten Heinz)
)
(C:\Users\vkmuk\AppData\Local\Programs\MiKTeX\tex/latex/listings\lstmisc.sty
File: lstmisc.sty 2025/11/14 1.11b (Carsten Heinz)
\c@lstnumber=\count357
\lst@skipnumbers=\count358
\lst@framebox=\box89
)
(C:\Users\vkmuk\AppData\Local\Programs\MiKTeX\tex/latex/listings\listings.cfg
File: listings.cfg 2025/11/14 1.11b listings configuration
))
Package: listings 2025/11/14 1.11b (Carsten Heinz)

(C:\Users\vkmuk\AppData\Local\Programs\MiKTeX\tex/latex/tcolorbox\tcblistingsco
re.code.tex
Library (tcolorbox): 'tcblistingscore.code.tex' version '6.10.0'

(C:\Users\vkmuk\AppData\Local\Programs\MiKTeX\tex/latex/tcolorbox\tcbprocessing
.code.tex
Library (tcolorbox): 'tcbprocessing.code.tex' version '6.10.0'
)
\c@tcblisting=\count359
))
(C:\Users\vkmuk\AppData\Local\Programs\MiKTeX\tex/latex/listingsutf8\listingsut
f8.sty
Package: listingsutf8 2019-12-10 v1.5 Allow UTF-8 in listings input (HO)
))
(C:\Users\vkmuk\AppData\Local\Programs\MiKTeX\tex/latex/tcolorbox\tcbexternal.c
ode.tex
Library (tcolorbox): 'tcbexternal.code.tex' version '6.10.0'
)
(C:\Users\vkmuk\AppData\Local\Programs\MiKTeX\tex/latex/tcolorbox\tcbmagazine.c
ode.tex
Library (tcolorbox): 'tcbmagazine.code.tex' version '6.10.0'
)
(C:\Users\vkmuk\AppData\Local\Programs\MiKTeX\tex/latex/tcolorbox\tcbvignette.c
ode.tex
Library (tcolorbox): 'tcbvignette.code.tex' version '6.10.0'

(C:\Users\vkmuk\AppData\Local\Programs\MiKTeX\tex/generic/pgf/frontendlayer/tik
z/libraries\tikzlibraryfadings.code.tex
File: tikzlibraryfadings.code.tex 2025-08-29 v3.1.11a (3.1.11a)

(C:\Users\vkmuk\AppData\Local\Programs\MiKTeX\tex/generic/pgf/libraries\pgflibr
aryfadings.code.tex
File: pgflibraryfadings.code.tex 2025-08-29 v3.1.11a (3.1.11a)
)))
(C:\Users\vkmuk\AppData\Local\Programs\MiKTeX\tex/latex/tcolorbox\tcbposter.cod
e.tex
Library (tcolorbox): 'tcbposter.code.tex' version '6.10.0'
))
Package hyperref Info: Option `colorlinks' set `true' on input line 37.
LaTeX Font Info:    Trying to load font information for T1+lmr on input line 74
.
 (C:\Users\vkmuk\AppData\Local\Programs\MiKTeX\tex/latex/lm\t1lmr.fd
File: t1lmr.fd 2015/05/01 v1.6.1 Font defs for Latin Modern
)
(C:\Users\vkmuk\AppData\Local\Programs\MiKTeX\tex/latex/l3backend\l3backend-pdf
tex.def
File: l3backend-pdftex.def 2026-02-18 L3 backend support: PDF output (pdfTeX)
\l__color_backend_stack_int=\count360
) (sih_2026_problem_statements.aux)
\openout1 = `sih_2026_problem_statements.aux'.

LaTeX Font Info:    Checking defaults for OML/cmm/m/it on input line 74.
LaTeX Font Info:    ... okay on input line 74.
LaTeX Font Info:    Checking defaults for OMS/cmsy/m/n on input line 74.
LaTeX Font Info:    ... okay on input line 74.
LaTeX Font Info:    Checking defaults for OT1/cmr/m/n on input line 74.
LaTeX Font Info:    ... okay on input line 74.
LaTeX Font Info:    Checking defaults for T1/cmr/m/n on input line 74.
LaTeX Font Info:    ... okay on input line 74.
LaTeX Font Info:    Checking defaults for TS1/cmr/m/n on input line 74.
LaTeX Font Info:    ... okay on input line 74.
LaTeX Font Info:    Checking defaults for OMX/cmex/m/n on input line 74.
LaTeX Font Info:    ... okay on input line 74.
LaTeX Font Info:    Checking defaults for U/cmr/m/n on input line 74.
LaTeX Font Info:    ... okay on input line 74.
LaTeX Font Info:    Checking defaults for PD1/pdf/m/n on input line 74.
LaTeX Font Info:    ... okay on input line 74.
LaTeX Font Info:    Checking defaults for PU/pdf/m/n on input line 74.
LaTeX Font Info:    ... okay on input line 74.

*geometry* driver: auto-detecting
*geometry* detected driver: pdftex
*geometry* verbose mode - [ preamble ] result:
* driver: pdftex
* paper: a4paper
* layout: <same size as paper>
* layoutoffset:(h,v)=(0.0pt,0.0pt)
* modes: 
* h-part:(L,W,R)=(51.21504pt, 495.07779pt, 51.21504pt)
* v-part:(T,H,B)=(62.59596pt, 719.85492pt, 62.59596pt)
* \paperwidth=597.50787pt
* \paperheight=845.04684pt
* \textwidth=495.07779pt
* \textheight=719.85492pt
* \oddsidemargin=-21.05495pt
* \evensidemargin=-21.05495pt
* \topmargin=-46.67403pt
* \headheight=12.0pt
* \headsep=25.0pt
* \topskip=10.0pt
* \footskip=30.0pt
* \marginparwidth=57.0pt
* \marginparsep=11.0pt
* \columnsep=10.0pt
* \skip\footins=9.0pt plus 4.0pt minus 2.0pt
* \hoffset=0.0pt
* \voffset=0.0pt
* \mag=1000
* \@twocolumnfalse
* \@twosidefalse
* \@mparswitchfalse
* \@reversemarginfalse
* (1in=72.27pt=25.4mm, 1cm=28.453pt)


(C:\Users\vkmuk\AppData\Local\Programs\MiKTeX\tex/context/base/mkii\supp-pdf.mk
ii
[Loading MPS to PDF converter (version 2006.09.02).]
\scratchcounter=\count361
\scratchdimen=\dimen312
\scratchbox=\box90
\nofMPsegments=\count362
\nofMParguments=\count363
\everyMPshowfont=\toks47
\MPscratchCnt=\count364
\MPscratchDim=\dimen313
\MPnumerator=\count365
\makeMPintoPDFobject=\count366
\everyMPtoPDFconversion=\toks48
)
(C:\Users\vkmuk\AppData\Local\Programs\MiKTeX\tex/latex/epstopdf-pkg\epstopdf-b
ase.sty
Package: epstopdf-base 2020-01-24 v2.11 Base part for package epstopdf
Package epstopdf-base Info: Redefining graphics rule for `.eps' on input line 4
85.

(C:\Users\vkmuk\AppData\Local\Programs\MiKTeX\tex/latex/00miktex\epstopdf-sys.c
fg
File: epstopdf-sys.cfg 2021/03/18 v2.0 Configuration of epstopdf for MiKTeX
))
Package hyperref Info: Link coloring ON on input line 74.
 (sih_2026_problem_statements.out) (sih_2026_problem_statements.out)
\@outlinefile=\write4
\openout4 = `sih_2026_problem_statements.out'.

\c@lstlisting=\count367
LaTeX Font Info:    Trying to load font information for T1+lmtt on input line 8
1.

(C:\Users\vkmuk\AppData\Local\Programs\MiKTeX\tex/latex/lm\t1lmtt.fd
File: t1lmtt.fd 2015/05/01 v1.6.1 Font defs for Latin Modern
)
LaTeX Font Info:    Trying to load font information for OT1+lmr on input line 8
1.

(C:\Users\vkmuk\AppData\Local\Programs\MiKTeX\tex/latex/lm\ot1lmr.fd
File: ot1lmr.fd 2015/05/01 v1.6.1 Font defs for Latin Modern
)
LaTeX Font Info:    Trying to load font information for OML+lmm on input line 8
1.

(C:\Users\vkmuk\AppData\Local\Programs\MiKTeX\tex/latex/lm\omllmm.fd
File: omllmm.fd 2015/05/01 v1.6.1 Font defs for Latin Modern
)
LaTeX Font Info:    Trying to load font information for OMS+lmsy on input line 
81.

(C:\Users\vkmuk\AppData\Local\Programs\MiKTeX\tex/latex/lm\omslmsy.fd
File: omslmsy.fd 2015/05/01 v1.6.1 Font defs for Latin Modern
)
LaTeX Font Info:    Trying to load font information for OMX+lmex on input line 
81.

(C:\Users\vkmuk\AppData\Local\Programs\MiKTeX\tex/latex/lm\omxlmex.fd
File: omxlmex.fd 2015/05/01 v1.6.1 Font defs for Latin Modern
)
LaTeX Font Info:    External font `lmex10' loaded for size
(Font)              <12> on input line 81.
LaTeX Font Info:    External font `lmex10' loaded for size
(Font)              <8> on input line 81.
LaTeX Font Info:    External font `lmex10' loaded for size
(Font)              <6> on input line 81.
LaTeX Font Info:    External font `lmex10' loaded for size
(Font)              <10> on input line 98.
LaTeX Font Info:    External font `lmex10' loaded for size
(Font)              <7> on input line 98.
LaTeX Font Info:    External font `lmex10' loaded for size
(Font)              <5> on input line 98.
 [1{C:/Users/vkmuk/AppData/Local/MiKTeX/fonts/map/pdftex/pdftex.map}{C:/Users/v
kmuk/AppData/Local/Programs/MiKTeX/fonts/enc/dvips/lm/lm-ec.enc}

{C:/Users/vkmuk/AppData/Local/Programs/MiKTeX/fonts/enc/dvips/lm/lm-mathsy.enc}
]
(sih_2026_problem_statements.toc [2] [3] [4])
\tf@toc=\write5
\openout5 = `sih_2026_problem_statements.toc'.

 [5]
Underfull \hbox (badness 10000) in paragraph at lines 155--156

 []

LaTeX Font Info:    External font `lmex10' loaded for size
(Font)              <9> on input line 179.

Underfull \hbox (badness 10000) in paragraph at lines 199--200

 []

[6]
Underfull \hbox (badness 10000) in paragraph at lines 244--245

 []

[7]
Underfull \hbox (badness 10000) in paragraph at lines 294--295

 []

[8]
Underfull \hbox (badness 10000) in paragraph at lines 341--342

 []

[9] [10]
Underfull \hbox (badness 10000) in paragraph at lines 394--395

 []

[11]
Underfull \hbox (badness 10000) in paragraph at lines 425--426

 []

[12]
Underfull \hbox (badness 10000) in paragraph at lines 468--469

 []

[13]
Underfull \hbox (badness 10000) in paragraph at lines 508--509

 []


Underfull \hbox (badness 10000) in paragraph at lines 538--539

 []

[14]
Underfull \hbox (badness 10000) in paragraph at lines 565--566

 []


Underfull \hbox (badness 10000) in paragraph at lines 592--593

 []

[15]
Underfull \hbox (badness 10000) in paragraph at lines 624--625

 []

[16]
Underfull \hbox (badness 10000) in paragraph at lines 651--652

 []

[17]
Underfull \hbox (badness 10000) in paragraph at lines 679--680

 []

[18]
Underfull \hbox (badness 10000) in paragraph at lines 702--703

 []

[19]
Underfull \hbox (badness 10000) in paragraph at lines 744--745

 []


Overfull \hbox (28.56685pt too wide) in paragraph at lines 746--752
[][] 
 []

[20]
Underfull \hbox (badness 10000) in paragraph at lines 781--782

 []

[21]
Underfull \hbox (badness 10000) in paragraph at lines 818--819

 []

[22]
Underfull \hbox (badness 10000) in paragraph at lines 857--858

 []

[23]
Underfull \hbox (badness 10000) in paragraph at lines 887--888

 []


Underfull \hbox (badness 10000) in paragraph at lines 916--917

 []


Overfull \hbox (34.4763pt too wide) in paragraph at lines 918--924
[][] 
 []

[24]
Underfull \hbox (badness 10000) in paragraph at lines 953--954

 []

[25]
Underfull \hbox (badness 10000) in paragraph at lines 993--994

 []

[26]
Underfull \hbox (badness 10000) in paragraph at lines 1038--1039

 []


Underfull \hbox (badness 1990) in paragraph at lines 1072--1072
| []$\OMS/lmsy/m/n/9 ^^O$[] \T1/lmr/m/n/9 de-vel-op-ment of low cost smart sen-
sor nodes us-ing read-ily avail-able hard-ware plat-forms (e.g., Ar-
 []

[27]
Underfull \hbox (badness 10000) in paragraph at lines 1089--1090

 []

[28]
Underfull \hbox (badness 10000) in paragraph at lines 1116--1117

 []


Underfull \hbox (badness 10000) in paragraph at lines 1147--1148

 []

[29]
Underfull \hbox (badness 10000) in paragraph at lines 1174--1175

 []

[30]
Underfull \hbox (badness 10000) in paragraph at lines 1203--1204

 []


Underfull \hbox (badness 10000) in paragraph at lines 1230--1231

 []

[31]
Underfull \hbox (badness 10000) in paragraph at lines 1258--1259

 []


Underfull \hbox (badness 10000) in paragraph at lines 1286--1287

 []

[32]
Underfull \hbox (badness 10000) in paragraph at lines 1315--1316

 []


Overfull \hbox (28.56685pt too wide) in paragraph at lines 1317--1323
[][] 
 []


Underfull \hbox (badness 10000) in paragraph at lines 1368--1370
[]\T1/lmr/bx/n/8 Dataset / Re-sources: [][]\T1/lmtt/m/n/8 https://consumeraffai
rs.gov.in/pages/legal-metrology-act and the Legal Metrology
 []

[33]
Underfull \hbox (badness 10000) in paragraph at lines 1378--1379

 []


Underfull \hbox (badness 10000) in paragraph at lines 1430--1432
[]\T1/lmr/bx/n/8 Dataset / Re-sources: [][]\T1/lmtt/m/n/8 https://consumeraffai
rs.gov.in/pages/legal-metrology-act and the Legal Metrology
 []

[34]
Underfull \hbox (badness 10000) in paragraph at lines 1440--1441

 []


Underfull \hbox (badness 10000) in paragraph at lines 1491--1493
[]\T1/lmr/bx/n/8 Dataset / Re-sources: [][]\T1/lmtt/m/n/8 https://consumeraffai
rs.gov.in/pages/legal-metrology-act and the Legal Metrology
 []

[35]
Underfull \hbox (badness 10000) in paragraph at lines 1501--1502

 []

LaTeX Font Info:    Trying to load font information for TS1+lmr on input line 1
527.
(C:\Users\vkmuk\AppData\Local\Programs\MiKTeX\tex/latex/lm\ts1lmr.fd
File: ts1lmr.fd 2015/05/01 v1.6.1 Font defs for Latin Modern
) [36]
Underfull \hbox (badness 10000) in paragraph at lines 1538--1539

 []

[37{C:/Users/vkmuk/AppData/Local/Programs/MiKTeX/fonts/enc/dvips/lm/lm-ts1.enc}
]
Underfull \hbox (badness 10000) in paragraph at lines 1579--1580

 []


Underfull \hbox (badness 10000) in paragraph at lines 1606--1607

 []

[38]
Underfull \hbox (badness 10000) in paragraph at lines 1633--1634

 []

[39]
Underfull \hbox (badness 10000) in paragraph at lines 1660--1661

 []


Underfull \hbox (badness 10000) in paragraph at lines 1687--1688

 []

[40]
Underfull \hbox (badness 10000) in paragraph at lines 1728--1729

 []

[41] [42]
Underfull \hbox (badness 10000) in paragraph at lines 1787--1788

 []

[43]
Underfull \hbox (badness 1132) in paragraph at lines 1825--1826
\T1/lmr/bx/n/12 Clin-i-cal Trial Man-age-ment Sys-tem (CTMS) for Ayurveda re-se
arch, with
 []


Underfull \hbox (badness 10000) in paragraph at lines 1825--1826

 []

[44]
Underfull \hbox (badness 10000) in paragraph at lines 1862--1863

 []

[45] [46]
Underfull \hbox (badness 10000) in paragraph at lines 1917--1918

 []

[47]
Underfull \hbox (badness 10000) in paragraph at lines 1954--1955

 []

[48]
Underfull \hbox (badness 10000) in paragraph at lines 1989--1990

 []

[49]
Underfull \hbox (badness 10000) in paragraph at lines 2028--2029

 []


Overfull \hbox (28.56685pt too wide) in paragraph at lines 2030--2036
[][] 
 []

[50]
Underfull \hbox (badness 10000) in paragraph at lines 2059--2060

 []

[51]
Underfull \hbox (badness 10000) in paragraph at lines 2092--2093

 []


Underfull \hbox (badness 10000) in paragraph at lines 2127--2128

 []

[52] [53] [54]
Underfull \hbox (badness 10000) in paragraph at lines 2237--2238

 []


Underfull \hbox (badness 10000) in paragraph at lines 2271--2272

 []

[55]
Underfull \hbox (badness 10000) in paragraph at lines 2304--2305

 []

[56]
Underfull \hbox (badness 10000) in paragraph at lines 2333--2334

 []

[57]
Underfull \hbox (badness 10000) in paragraph at lines 2365--2366

 []


Underfull \hbox (badness 10000) in paragraph at lines 2388--2389

 []


Underfull \hbox (badness 10000) in paragraph at lines 2411--2412

 []

[58]
Underfull \hbox (badness 10000) in paragraph at lines 2434--2435

 []


Underfull \hbox (badness 10000) in paragraph at lines 2457--2458

 []


Underfull \hbox (badness 10000) in paragraph at lines 2480--2481

 []

[59]
Underfull \hbox (badness 10000) in paragraph at lines 2503--2504

 []


Underfull \hbox (badness 10000) in paragraph at lines 2526--2527

 []


Underfull \hbox (badness 1975) in paragraph at lines 2539--2540
| []$\OMS/lmsy/m/n/10 ^^O$[] \T1/lmr/m/n/9 Back-ground Sub-sur-face ocean tem-p
er-a-ture is a fun-da-men-tal vari-able for un-der-stand-ing ocean
 []


Underfull \hbox (badness 10000) in paragraph at lines 2563--2563
| []$\OMS/lmsy/m/n/9 ^^O$[] \T1/lmr/m/n/9 Train-ing Tar-get Dataset (Sub-sur-fa
ce Tem-per-a-ture) GLO-RYS Global Ocean Re-anal-y-sis
 []

[60]
Underfull \hbox (badness 10000) in paragraph at lines 2579--2580

 []

[61]
Underfull \hbox (badness 10000) in paragraph at lines 2602--2603

 []

[62]
Underfull \hbox (badness 10000) in paragraph at lines 2666--2667

 []

[63]
Underfull \hbox (badness 10000) in paragraph at lines 2694--2695

 []


Underfull \hbox (badness 10000) in paragraph at lines 2717--2718

 []


Underfull \hbox (badness 10000) in paragraph at lines 2740--2741

 []

[64]
Underfull \hbox (badness 10000) in paragraph at lines 2763--2764

 []

[65]
Underfull \hbox (badness 10000) in paragraph at lines 2814--2815

 []


Underfull \hbox (badness 10000) in paragraph at lines 2837--2838

 []


Underfull \hbox (badness 10000) in paragraph at lines 2860--2861

 []

[66]
Underfull \hbox (badness 10000) in paragraph at lines 2890--2891

 []

[67]
Underfull \hbox (badness 10000) in paragraph at lines 2916--2917

 []

[68]
Underfull \hbox (badness 10000) in paragraph at lines 2944--2945

 []

[69]
Underfull \hbox (badness 10000) in paragraph at lines 2968--2969

 []


Underfull \hbox (badness 10000) in paragraph at lines 2994--2995

 []

[70]
Underfull \hbox (badness 10000) in paragraph at lines 3022--3023

 []


Underfull \hbox (badness 10000) in paragraph at lines 3045--3046

 []

[71]
Underfull \hbox (badness 10000) in paragraph at lines 3068--3069

 []


Underfull \hbox (badness 10000) in paragraph at lines 3091--3092

 []

[72]
Underfull \hbox (badness 10000) in paragraph at lines 3114--3115

 []


Underfull \hbox (badness 10000) in paragraph at lines 3137--3138

 []

[73]
Underfull \hbox (badness 10000) in paragraph at lines 3182--3183

 []

[74]
Underfull \hbox (badness 10000) in paragraph at lines 3221--3222

 []


Underfull \hbox (badness 10000) in paragraph at lines 3264--3265

 []

[75]
Underfull \hbox (badness 10000) in paragraph at lines 3296--3297

 []

[76]
Underfull \hbox (badness 10000) in paragraph at lines 3329--3330

 []

[77]
Underfull \hbox (badness 4108) in paragraph at lines 3360--3361
[]\T1/lmr/bx/n/12 AI-Based Real-Time Stress and Trauma As-sess-ment Mod-ule for
 Vic-
 []


Underfull \hbox (badness 10000) in paragraph at lines 3360--3361

 []

[78]
Underfull \hbox (badness 10000) in paragraph at lines 3408--3409

 []

[79]
Underfull \hbox (badness 10000) in paragraph at lines 3464--3465

 []

[80]
Underfull \hbox (badness 10000) in paragraph at lines 3507--3508

 []


Underfull \hbox (badness 10000) in paragraph at lines 3556--3557

 []

[81]
Underfull \hbox (badness 10000) in paragraph at lines 3604--3605

 []

[82] [83]
Underfull \hbox (badness 10000) in paragraph at lines 3671--3672

 []

[84]
Underfull \hbox (badness 10000) in paragraph at lines 3734--3735

 []

[85]
Underfull \hbox (badness 10000) in paragraph at lines 3793--3794

 []

[86] [87]
Underfull \hbox (badness 10000) in paragraph at lines 3837--3838

 []


Underfull \hbox (badness 10000) in paragraph at lines 3870--3871

 []

[88] [89]
Underfull \hbox (badness 10000) in paragraph at lines 3914--3915

 []

[90]
Underfull \hbox (badness 10000) in paragraph at lines 3950--3951

 []

[91]
Underfull \hbox (badness 10000) in paragraph at lines 3987--3988

 []

[92] [93]
Underfull \hbox (badness 10000) in paragraph at lines 4025--4026

 []


Underfull \hbox (badness 10000) in paragraph at lines 4066--4067

 []

[94]
Underfull \hbox (badness 10000) in paragraph at lines 4097--4098

 []


Overfull \hbox (34.4763pt too wide) in paragraph at lines 4099--4105
[][] 
 []

[95] [96]
Underfull \hbox (badness 10000) in paragraph at lines 4181--4182

 []


Overfull \hbox (34.4763pt too wide) in paragraph at lines 4183--4189
[][] 
 []


Underfull \hbox (badness 10000) in paragraph at lines 4214--4215

 []


Overfull \hbox (28.56685pt too wide) in paragraph at lines 4216--4222
[][] 
 []

[97] [98]
Underfull \hbox (badness 10000) in paragraph at lines 4277--4278

 []


Underfull \hbox (badness 10000) in paragraph at lines 4313--4314

 []

[99] [100]
Underfull \hbox (badness 10000) in paragraph at lines 4384--4385

 []

[101]
Underfull \hbox (badness 10000) in paragraph at lines 4428--4429

 []

[102]
Underfull \hbox (badness 1178) in paragraph at lines 4468--4469
[]\T1/lmr/bx/n/12 Urban Mixed-Use De-sign Challenge-Design a cen-trally lo-cate
d mixed-use
 []


Underfull \hbox (badness 10000) in paragraph at lines 4468--4469

 []

[103]
Underfull \hbox (badness 10000) in paragraph at lines 4518--4519

 []


Underfull \hbox (badness 10000) in paragraph at lines 4551--4552

 []

[104]
Underfull \hbox (badness 10000) in paragraph at lines 4576--4577

 []

[105]
Underfull \hbox (badness 10000) in paragraph at lines 4609--4610

 []

[106]
Underfull \hbox (badness 10000) in paragraph at lines 4661--4662

 []

[107]
Underfull \hbox (badness 10000) in paragraph at lines 4693--4694

 []

[108]
Underfull \hbox (badness 10000) in paragraph at lines 4719--4720

 []


Underfull \hbox (badness 10000) in paragraph at lines 4751--4752

 []

[109]
Underfull \hbox (badness 10000) in paragraph at lines 4776--4777

 []

[110]
Underfull \hbox (badness 10000) in paragraph at lines 4801--4802

 []


Underfull \hbox (badness 10000) in paragraph at lines 4833--4834

 []

[111]
Underfull \hbox (badness 10000) in paragraph at lines 4858--4859

 []


Overfull \hbox (84.09573pt too wide) in paragraph at lines 4860--4866
[][] 
 []


Underfull \hbox (badness 2486) in paragraph at lines 4882--4883
[]\T1/lmr/bx/n/12 System in-te-gra-tion and in-ter-op-er-abil-ity among gov-ern
-ment dig-i-tal plat-
 []


Underfull \hbox (badness 10000) in paragraph at lines 4882--4883

 []


Overfull \hbox (84.09573pt too wide) in paragraph at lines 4884--4890
[][] 
 []

[112]
Underfull \hbox (badness 10000) in paragraph at lines 4906--4907

 []


Overfull \hbox (84.09573pt too wide) in paragraph at lines 4908--4914
[][] 
 []


Underfull \hbox (badness 1389) in paragraph at lines 4919--4920
| []$\OMS/lmsy/m/n/10 ^^O$[] \T1/lmr/m/n/9 Prob-lem De-scrip-tion En-trepreneur
s and in-dus-trial units may need to ob-tain mul-ti-ple reg-is-tra-
 []


Underfull \hbox (badness 10000) in paragraph at lines 4930--4931

 []


Overfull \hbox (84.09573pt too wide) in paragraph at lines 4932--4938
[][] 
 []

[113]
Underfull \hbox (badness 10000) in paragraph at lines 4954--4955

 []


Overfull \hbox (84.09573pt too wide) in paragraph at lines 4956--4962
[][] 
 []


Underfull \hbox (badness 10000) in paragraph at lines 4978--4979

 []


Overfull \hbox (84.09573pt too wide) in paragraph at lines 4980--4986
[][] 
 []

[114]
Underfull \hbox (badness 10000) in paragraph at lines 5002--5003

 []


Overfull \hbox (84.09573pt too wide) in paragraph at lines 5004--5010
[][] 
 []


Underfull \hbox (badness 10000) in paragraph at lines 5026--5027

 []


Overfull \hbox (84.09573pt too wide) in paragraph at lines 5028--5034
[][] 
 []

[115]
Underfull \hbox (badness 10000) in paragraph at lines 5050--5051

 []


Overfull \hbox (84.09573pt too wide) in paragraph at lines 5052--5058
[][] 
 []


Underfull \hbox (badness 10000) in paragraph at lines 5074--5075

 []

[116]
Underfull \hbox (badness 10000) in paragraph at lines 5109--5110

 []


Underfull \hbox (badness 10000) in paragraph at lines 5145--5146

 []

[117]
Underfull \hbox (badness 10000) in paragraph at lines 5182--5183

 []

[118]
Underfull \hbox (badness 10000) in paragraph at lines 5218--5219

 []


Underfull \hbox (badness 10000) in paragraph at lines 5254--5255

 []

[119]
Underfull \hbox (badness 10000) in paragraph at lines 5287--5288

 []


Underfull \hbox (badness 1661) in paragraph at lines 5310--5312
[]\T1/lmr/bx/n/8 Dataset / Re-sources: \T1/lmr/m/n/8 AIS Data 1.For-mat of AIS 
data can be ob-tained from sam-ple AIS data avail-able to
 []

[120]
Underfull \hbox (badness 10000) in paragraph at lines 5320--5321

 []


Underfull \hbox (badness 10000) in paragraph at lines 5345--5346

 []

[121]
Underfull \hbox (badness 10000) in paragraph at lines 5388--5389

 []

[122]
Underfull \hbox (badness 10000) in paragraph at lines 5422--5423

 []

[123]
Underfull \hbox (badness 10000) in paragraph at lines 5447--5448

 []


Underfull \hbox (badness 10000) in paragraph at lines 5477--5478

 []

[124]
Underfull \hbox (badness 10000) in paragraph at lines 5502--5503

 []

[125]
Underfull \hbox (badness 10000) in paragraph at lines 5527--5528

 []

[126]
Underfull \hbox (badness 10000) in paragraph at lines 5552--5553

 []


Underfull \hbox (badness 10000) in paragraph at lines 5585--5586

 []

[127] [128]
Underfull \hbox (badness 10000) in paragraph at lines 5651--5652

 []

[129]
Underfull \hbox (badness 10000) in paragraph at lines 5690--5691

 []

[130]
Underfull \hbox (badness 10000) in paragraph at lines 5747--5748

 []

[131]
Underfull \hbox (badness 10000) in paragraph at lines 5779--5780

 []

[132] [133]
Underfull \hbox (badness 10000) in paragraph at lines 5842--5843

 []


Underfull \hbox (badness 10000) in paragraph at lines 5882--5883

 []

[134] [135]
Underfull \hbox (badness 10000) in paragraph at lines 5952--5953

 []

[136]
Underfull \hbox (badness 10000) in paragraph at lines 6020--6021

 []

[137]
Underfull \hbox (badness 10000) in paragraph at lines 6055--6056

 []


Underfull \hbox (badness 10000) in paragraph at lines 6089--6090

 []

[138]
Underfull \hbox (badness 10000) in paragraph at lines 6151--6152

 []

[139]
Underfull \hbox (badness 10000) in paragraph at lines 6185--6186

 []


Underfull \hbox (badness 1509) in paragraph at lines 6208--6209
[]\T1/lmr/bx/n/12 Multi-modal, Sun an-gle and scale in-vari-ant im-age cor-re-s
pon-dence us-ing
 []


Underfull \hbox (badness 10000) in paragraph at lines 6208--6209

 []

[140]
Underfull \hbox (badness 10000) in paragraph at lines 6248--6249

 []

[141] [142]
Underfull \hbox (badness 10000) in paragraph at lines 6306--6307

 []


Underfull \hbox (badness 3612) in paragraph at lines 6335--6337
[]\T1/lmr/bx/n/8 Dataset / Re-sources: \T1/lmr/m/n/8 IO-VNBD: In-er-tial and Od
om-e-try bench-mark dataset for ground ve-hi-cle po-si-tion-ing
 []

[143]
Underfull \hbox (badness 10000) in paragraph at lines 6345--6346

 []

[144]
Underfull \hbox (badness 10000) in paragraph at lines 6382--6383

 []

[145{C:/Users/vkmuk/AppData/Local/Programs/MiKTeX/fonts/enc/dvips/lm/lm-mathit.
enc}]
Underfull \hbox (badness 10000) in paragraph at lines 6408--6409

 []

[146]
Underfull \hbox (badness 10000) in paragraph at lines 6443--6444

 []


Underfull \hbox (badness 10000) in paragraph at lines 6474--6475

 []

[147]
Underfull \hbox (badness 10000) in paragraph at lines 6504--6505

 []

[148]
Underfull \hbox (badness 10000) in paragraph at lines 6542--6543

 []


Underfull \hbox (badness 10000) in paragraph at lines 6582--6583

 []

[149] [150]
Underfull \hbox (badness 10000) in paragraph at lines 6623--6624

 []


Underfull \hbox (badness 10000) in paragraph at lines 6654--6655

 []

[151] [152]
Underfull \hbox (badness 10000) in paragraph at lines 6707--6708

 []

[153]
Underfull \hbox (badness 10000) in paragraph at lines 6762--6763

 []

[154]
Underfull \hbox (badness 10000) in paragraph at lines 6815--6816

 []

[155]
Underfull \hbox (badness 10000) in paragraph at lines 6872--6873

 []

[156]
Underfull \hbox (badness 1215) in paragraph at lines 6922--6923
[]\T1/lmr/bx/n/12 Real-Time Iden-ti-fi-ca-tion of Fraud-Linked Cryp-tocur-rency
 Ex-changes from
 []


Underfull \hbox (badness 10000) in paragraph at lines 6922--6923

 []

[157] [158]
Underfull \hbox (badness 10000) in paragraph at lines 6998--6999

 []


Underfull \hbox (badness 10000) in paragraph at lines 7027--7028

 []

[159]
Underfull \hbox (badness 10000) in paragraph at lines 7052--7053

 []

[160] [161]
Underfull \hbox (badness 10000) in paragraph at lines 7139--7140

 []


Underfull \hbox (badness 10000) in paragraph at lines 7181--7182

 []

[162] [163]
Underfull \hbox (badness 10000) in paragraph at lines 7242--7243

 []


Underfull \hbox (badness 10000) in paragraph at lines 7281--7282

 []

[164]
Underfull \hbox (badness 10000) in paragraph at lines 7329--7330

 []

[165]
Underfull \hbox (badness 10000) in paragraph at lines 7354--7355

 []


Underfull \hbox (badness 10000) in paragraph at lines 7379--7380

 []


Underfull \hbox (badness 10000) in paragraph at lines 7402--7403

 []


Underfull \hbox (badness 10000) in paragraph at lines 7425--7426

 []

[166]
Underfull \hbox (badness 10000) in paragraph at lines 7448--7449

 []


Underfull \hbox (badness 10000) in paragraph at lines 7471--7472

 []


Overfull \hbox (28.56685pt too wide) in paragraph at lines 7473--7479
[][] 
 []


Underfull \hbox (badness 10000) in paragraph at lines 7494--7495

 []

[167]
Underfull \hbox (badness 10000) in paragraph at lines 7517--7518

 []


Underfull \hbox (badness 10000) in paragraph at lines 7540--7541

 []


Underfull \hbox (badness 10000) in paragraph at lines 7563--7564

 []


Underfull \hbox (badness 10000) in paragraph at lines 7586--7587

 []

[168]
Underfull \hbox (badness 10000) in paragraph at lines 7609--7610

 []


Underfull \hbox (badness 10000) in paragraph at lines 7632--7633

 []


Underfull \hbox (badness 10000) in paragraph at lines 7655--7656

 []


Underfull \hbox (badness 10000) in paragraph at lines 7678--7679

 []

[169]
Underfull \hbox (badness 10000) in paragraph at lines 7701--7702

 []


Underfull \hbox (badness 10000) in paragraph at lines 7724--7725

 []


Underfull \hbox (badness 10000) in paragraph at lines 7747--7748

 []


Underfull \hbox (badness 10000) in paragraph at lines 7770--7771

 []

[170]
Underfull \hbox (badness 10000) in paragraph at lines 7793--7794

 []


Underfull \hbox (badness 10000) in paragraph at lines 7816--7817

 []


Underfull \hbox (badness 10000) in paragraph at lines 7839--7840

 []


Underfull \hbox (badness 10000) in paragraph at lines 7862--7863

 []


Overfull \hbox (34.4763pt too wide) in paragraph at lines 7864--7870
[][] 
 []

[171]
Underfull \hbox (badness 10000) in paragraph at lines 7885--7886

 []


Underfull \hbox (badness 10000) in paragraph at lines 7908--7909

 []


Underfull \hbox (badness 10000) in paragraph at lines 7931--7932

 []


Underfull \hbox (badness 10000) in paragraph at lines 7954--7955

 []

[172]
Underfull \hbox (badness 10000) in paragraph at lines 7977--7978

 []


Underfull \hbox (badness 10000) in paragraph at lines 8000--8001

 []


Underfull \hbox (badness 10000) in paragraph at lines 8023--8024

 []


Underfull \hbox (badness 10000) in paragraph at lines 8046--8047

 []

[173]
Underfull \hbox (badness 10000) in paragraph at lines 8069--8070

 []


Underfull \hbox (badness 10000) in paragraph at lines 8092--8093

 []


Underfull \hbox (badness 10000) in paragraph at lines 8115--8116

 []


Underfull \hbox (badness 10000) in paragraph at lines 8138--8139

 []

[174] (sih_2026_problem_statements.aux)
 ***********
LaTeX2e <2026-06-01>
L3 programming layer <2026-06-18>
 ***********
Package rerunfilecheck Info: File `sih_2026_problem_statements.out' has not cha
nged.
(rerunfilecheck)             Checksum: 8454384CD08D47ABBCEA169BF93AB986;103471.

 ) 
Here is how much of TeX's memory you used:
 29608 strings out of 467510
 595177 string characters out of 5408795
 1038146 words of memory out of 5000000
 57964 multiletter control sequences out of 15000+600000
 696897 words of font info for 80 fonts, out of 8000000 for 9000
 1141 hyphenation exceptions out of 8191
 116i,13n,121p,6222b,1333s stack positions out of 10000i,1000n,20000p,200000b,200000s
<C:/Users/vkmuk/AppData/Local/Programs/MiKTeX/fonts/type1/public/lm/lmbx10.pf
b><C:/Users/vkmuk/AppData/Local/Programs/MiKTeX/fonts/type1/public/lm/lmbx12.pf
b><C:/Users/vkmuk/AppData/Local/Programs/MiKTeX/fonts/type1/public/lm/lmbx8.pfb
><C:/Users/vkmuk/AppData/Local/Programs/MiKTeX/fonts/type1/public/lm/lmbx9.pfb>
<C:/Users/vkmuk/AppData/Local/Programs/MiKTeX/fonts/type1/public/lm/lmmi9.pfb><
C:/Users/vkmuk/AppData/Local/Programs/MiKTeX/fonts/type1/public/lm/lmr10.pfb><C
:/Users/vkmuk/AppData/Local/Programs/MiKTeX/fonts/type1/public/lm/lmr12.pfb><C:
/Users/vkmuk/AppData/Local/Programs/MiKTeX/fonts/type1/public/lm/lmr8.pfb><C:/U
sers/vkmuk/AppData/Local/Programs/MiKTeX/fonts/type1/public/lm/lmr9.pfb><C:/Use
rs/vkmuk/AppData/Local/Programs/MiKTeX/fonts/type1/public/lm/lmsy10.pfb><C:/Use
rs/vkmuk/AppData/Local/Programs/MiKTeX/fonts/type1/public/lm/lmsy6.pfb><C:/User
s/vkmuk/AppData/Local/Programs/MiKTeX/fonts/type1/public/lm/lmsy9.pfb><C:/Users
/vkmuk/AppData/Local/Programs/MiKTeX/fonts/type1/public/lm/lmtt12.pfb><C:/Users
/vkmuk/AppData/Local/Programs/MiKTeX/fonts/type1/public/lm/lmtt8.pfb>
Output written on "C:\Users\vkmuk\OneDrive\Documents\Project\SIH 2026\PS\output
s\sih_2026_problem_statements.pdf" (174 pages, 1443452 bytes).
PDF statistics:
 2084 PDF objects out of 2487 (max. 8388607)
 402 named destinations out of 1000 (max. 500000)
 1981 words of extra memory for PDF output out of 10000 (max. 10000000)

